Archive member included because of file (symbol)

c:/users/dell e5510/documents/mkclipse/avr toolchain/bin/../lib/gcc/avr/5.4.0/../../../../avr/lib/avr5\libprintf_flt.a(vfprintf_flt.o)
                              (vfprintf)
c:/users/dell e5510/documents/mkclipse/avr toolchain/bin/../lib/gcc/avr/5.4.0/avr5\libgcc.a(_exit.o)
                              c:/users/dell e5510/documents/mkclipse/avr toolchain/bin/../lib/gcc/avr/5.4.0/../../../../avr/lib/avr5/crtatmega32.o (exit)
c:/users/dell e5510/documents/mkclipse/avr toolchain/bin/../lib/gcc/avr/5.4.0/avr5\libgcc.a(_copy_data.o)
                              Release/main.o (__do_copy_data)
c:/users/dell e5510/documents/mkclipse/avr toolchain/bin/../lib/gcc/avr/5.4.0/avr5\libgcc.a(_clear_bss.o)
                              Release/main.o (__do_clear_bss)
c:/users/dell e5510/documents/mkclipse/avr toolchain/bin/../lib/gcc/avr/5.4.0/avr5\libgcc.a(_prologue.o)
                              c:/users/dell e5510/documents/mkclipse/avr toolchain/bin/../lib/gcc/avr/5.4.0/../../../../avr/lib/avr5\libprintf_flt.a(vfprintf_flt.o) (__prologue_saves__)
c:/users/dell e5510/documents/mkclipse/avr toolchain/bin/../lib/gcc/avr/5.4.0/avr5\libgcc.a(_epilogue.o)
                              c:/users/dell e5510/documents/mkclipse/avr toolchain/bin/../lib/gcc/avr/5.4.0/../../../../avr/lib/avr5\libprintf_flt.a(vfprintf_flt.o) (__epilogue_restores__)
c:/users/dell e5510/documents/mkclipse/avr toolchain/bin/../lib/gcc/avr/5.4.0/../../../../avr/lib/avr5\libm.a(addsf3.o)
                              Release/USART_RS232_C_file.o (__subsf3)
c:/users/dell e5510/documents/mkclipse/avr toolchain/bin/../lib/gcc/avr/5.4.0/../../../../avr/lib/avr5\libm.a(addsf3x.o)
                              c:/users/dell e5510/documents/mkclipse/avr toolchain/bin/../lib/gcc/avr/5.4.0/../../../../avr/lib/avr5\libm.a(addsf3.o) (__addsf3x)
c:/users/dell e5510/documents/mkclipse/avr toolchain/bin/../lib/gcc/avr/5.4.0/../../../../avr/lib/avr5\libm.a(divsf3.o)
                              Release/USART_RS232_C_file.o (__divsf3)
c:/users/dell e5510/documents/mkclipse/avr toolchain/bin/../lib/gcc/avr/5.4.0/../../../../avr/lib/avr5\libm.a(divsf3x.o)
                              c:/users/dell e5510/documents/mkclipse/avr toolchain/bin/../lib/gcc/avr/5.4.0/../../../../avr/lib/avr5\libm.a(divsf3.o) (__divsf3x)
c:/users/dell e5510/documents/mkclipse/avr toolchain/bin/../lib/gcc/avr/5.4.0/../../../../avr/lib/avr5\libm.a(fixsfsi.o)
                              Release/USART_RS232_C_file.o (__fixsfsi)
c:/users/dell e5510/documents/mkclipse/avr toolchain/bin/../lib/gcc/avr/5.4.0/../../../../avr/lib/avr5\libm.a(fixunssfsi.o)
                              c:/users/dell e5510/documents/mkclipse/avr toolchain/bin/../lib/gcc/avr/5.4.0/../../../../avr/lib/avr5\libm.a(fixsfsi.o) (__fixunssfsi)
c:/users/dell e5510/documents/mkclipse/avr toolchain/bin/../lib/gcc/avr/5.4.0/../../../../avr/lib/avr5\libm.a(floatsisf.o)
                              Release/USART_RS232_C_file.o (__floatunsisf)
c:/users/dell e5510/documents/mkclipse/avr toolchain/bin/../lib/gcc/avr/5.4.0/../../../../avr/lib/avr5\libm.a(fp_inf.o)
                              c:/users/dell e5510/documents/mkclipse/avr toolchain/bin/../lib/gcc/avr/5.4.0/../../../../avr/lib/avr5\libm.a(addsf3x.o) (__fp_inf)
c:/users/dell e5510/documents/mkclipse/avr toolchain/bin/../lib/gcc/avr/5.4.0/../../../../avr/lib/avr5\libm.a(fp_nan.o)
                              c:/users/dell e5510/documents/mkclipse/avr toolchain/bin/../lib/gcc/avr/5.4.0/../../../../avr/lib/avr5\libm.a(addsf3x.o) (__fp_nan)
c:/users/dell e5510/documents/mkclipse/avr toolchain/bin/../lib/gcc/avr/5.4.0/../../../../avr/lib/avr5\libm.a(fp_pscA.o)
                              c:/users/dell e5510/documents/mkclipse/avr toolchain/bin/../lib/gcc/avr/5.4.0/../../../../avr/lib/avr5\libm.a(addsf3x.o) (__fp_pscA)
c:/users/dell e5510/documents/mkclipse/avr toolchain/bin/../lib/gcc/avr/5.4.0/../../../../avr/lib/avr5\libm.a(fp_pscB.o)
                              c:/users/dell e5510/documents/mkclipse/avr toolchain/bin/../lib/gcc/avr/5.4.0/../../../../avr/lib/avr5\libm.a(addsf3x.o) (__fp_pscB)
c:/users/dell e5510/documents/mkclipse/avr toolchain/bin/../lib/gcc/avr/5.4.0/../../../../avr/lib/avr5\libm.a(fp_round.o)
                              c:/users/dell e5510/documents/mkclipse/avr toolchain/bin/../lib/gcc/avr/5.4.0/../../../../avr/lib/avr5\libm.a(addsf3.o) (__fp_round)
c:/users/dell e5510/documents/mkclipse/avr toolchain/bin/../lib/gcc/avr/5.4.0/../../../../avr/lib/avr5\libm.a(fp_split3.o)
                              c:/users/dell e5510/documents/mkclipse/avr toolchain/bin/../lib/gcc/avr/5.4.0/../../../../avr/lib/avr5\libm.a(addsf3x.o) (__fp_split3)
c:/users/dell e5510/documents/mkclipse/avr toolchain/bin/../lib/gcc/avr/5.4.0/../../../../avr/lib/avr5\libm.a(fp_zero.o)
                              c:/users/dell e5510/documents/mkclipse/avr toolchain/bin/../lib/gcc/avr/5.4.0/../../../../avr/lib/avr5\libm.a(addsf3x.o) (__fp_zero)
c:/users/dell e5510/documents/mkclipse/avr toolchain/bin/../lib/gcc/avr/5.4.0/../../../../avr/lib/avr5\libm.a(mulsf3.o)
                              Release/USART_RS232_C_file.o (__mulsf3)
c:/users/dell e5510/documents/mkclipse/avr toolchain/bin/../lib/gcc/avr/5.4.0/../../../../avr/lib/avr5\libm.a(mulsf3x.o)
                              c:/users/dell e5510/documents/mkclipse/avr toolchain/bin/../lib/gcc/avr/5.4.0/../../../../avr/lib/avr5\libm.a(mulsf3.o) (__mulsf3x)
c:/users/dell e5510/documents/mkclipse/avr toolchain/bin/../lib/gcc/avr/5.4.0/../../../../avr/lib/avr5\libm.a(round.o)
                              Release/USART_RS232_C_file.o (round)
c:/users/dell e5510/documents/mkclipse/avr toolchain/bin/../lib/gcc/avr/5.4.0/../../../../avr/lib/avr5\libm.a(fp_mintl.o)
                              c:/users/dell e5510/documents/mkclipse/avr toolchain/bin/../lib/gcc/avr/5.4.0/../../../../avr/lib/avr5\libm.a(round.o) (__fp_mintl)
c:/users/dell e5510/documents/mkclipse/avr toolchain/bin/../lib/gcc/avr/5.4.0/../../../../avr/lib/avr5\libm.a(fp_mpack.o)
                              c:/users/dell e5510/documents/mkclipse/avr toolchain/bin/../lib/gcc/avr/5.4.0/../../../../avr/lib/avr5\libm.a(round.o) (__fp_mpack)
c:/users/dell e5510/documents/mkclipse/avr toolchain/bin/../lib/gcc/avr/5.4.0/../../../../avr/lib/avr5\libc.a(ftoa_engine.o)
                              c:/users/dell e5510/documents/mkclipse/avr toolchain/bin/../lib/gcc/avr/5.4.0/../../../../avr/lib/avr5\libprintf_flt.a(vfprintf_flt.o) (__ftoa_engine)
c:/users/dell e5510/documents/mkclipse/avr toolchain/bin/../lib/gcc/avr/5.4.0/../../../../avr/lib/avr5\libc.a(strnlen_P.o)
                              c:/users/dell e5510/documents/mkclipse/avr toolchain/bin/../lib/gcc/avr/5.4.0/../../../../avr/lib/avr5\libprintf_flt.a(vfprintf_flt.o) (strnlen_P)
c:/users/dell e5510/documents/mkclipse/avr toolchain/bin/../lib/gcc/avr/5.4.0/../../../../avr/lib/avr5\libc.a(memcpy.o)
                              Release/main.o (memcpy)
c:/users/dell e5510/documents/mkclipse/avr toolchain/bin/../lib/gcc/avr/5.4.0/../../../../avr/lib/avr5\libc.a(memmove.o)
                              Release/main.o (memmove)
c:/users/dell e5510/documents/mkclipse/avr toolchain/bin/../lib/gcc/avr/5.4.0/../../../../avr/lib/avr5\libc.a(memset.o)
                              Release/main.o (memset)
c:/users/dell e5510/documents/mkclipse/avr toolchain/bin/../lib/gcc/avr/5.4.0/../../../../avr/lib/avr5\libc.a(strncmp.o)
                              Release/main.o (strncmp)
c:/users/dell e5510/documents/mkclipse/avr toolchain/bin/../lib/gcc/avr/5.4.0/../../../../avr/lib/avr5\libc.a(strncpy.o)
                              Release/main.o (strncpy)
c:/users/dell e5510/documents/mkclipse/avr toolchain/bin/../lib/gcc/avr/5.4.0/../../../../avr/lib/avr5\libc.a(strnlen.o)
                              c:/users/dell e5510/documents/mkclipse/avr toolchain/bin/../lib/gcc/avr/5.4.0/../../../../avr/lib/avr5\libprintf_flt.a(vfprintf_flt.o) (strnlen)
c:/users/dell e5510/documents/mkclipse/avr toolchain/bin/../lib/gcc/avr/5.4.0/../../../../avr/lib/avr5\libc.a(strstr.o)
                              Release/main.o (strstr)
c:/users/dell e5510/documents/mkclipse/avr toolchain/bin/../lib/gcc/avr/5.4.0/../../../../avr/lib/avr5\libc.a(itoa_ncheck.o)
                              Release/main.o (__itoa_ncheck)
c:/users/dell e5510/documents/mkclipse/avr toolchain/bin/../lib/gcc/avr/5.4.0/../../../../avr/lib/avr5\libc.a(utoa_ncheck.o)
                              c:/users/dell e5510/documents/mkclipse/avr toolchain/bin/../lib/gcc/avr/5.4.0/../../../../avr/lib/avr5\libc.a(itoa_ncheck.o) (__utoa_common)
c:/users/dell e5510/documents/mkclipse/avr toolchain/bin/../lib/gcc/avr/5.4.0/../../../../avr/lib/avr5\libc.a(fputc.o)
                              c:/users/dell e5510/documents/mkclipse/avr toolchain/bin/../lib/gcc/avr/5.4.0/../../../../avr/lib/avr5\libprintf_flt.a(vfprintf_flt.o) (fputc)
c:/users/dell e5510/documents/mkclipse/avr toolchain/bin/../lib/gcc/avr/5.4.0/../../../../avr/lib/avr5\libc.a(sprintf.o)
                              Release/main.o (sprintf)
c:/users/dell e5510/documents/mkclipse/avr toolchain/bin/../lib/gcc/avr/5.4.0/../../../../avr/lib/avr5\libc.a(ultoa_invert.o)
                              c:/users/dell e5510/documents/mkclipse/avr toolchain/bin/../lib/gcc/avr/5.4.0/../../../../avr/lib/avr5\libprintf_flt.a(vfprintf_flt.o) (__ultoa_invert)
c:/users/dell e5510/documents/mkclipse/avr toolchain/bin/../lib/gcc/avr/5.4.0/../../../../avr/lib/avr5\libc.a(strrev.o)
                              c:/users/dell e5510/documents/mkclipse/avr toolchain/bin/../lib/gcc/avr/5.4.0/../../../../avr/lib/avr5\libc.a(utoa_ncheck.o) (strrev)

Allocating common symbols
Common symbol       size              file

RESPONSE_BUFFER     0xa0              Release/main.o
Response_Status     0x1               Release/main.o

Discarded input sections

 .data          0x00000000        0x0 c:/users/dell e5510/documents/mkclipse/avr toolchain/bin/../lib/gcc/avr/5.4.0/../../../../avr/lib/avr5/crtatmega32.o
 .bss           0x00000000        0x0 c:/users/dell e5510/documents/mkclipse/avr toolchain/bin/../lib/gcc/avr/5.4.0/../../../../avr/lib/avr5/crtatmega32.o
 .text          0x00000000        0x0 c:/users/dell e5510/documents/mkclipse/avr toolchain/bin/../lib/gcc/avr/5.4.0/../../../../avr/lib/avr5\libprintf_flt.a(vfprintf_flt.o)
 .data          0x00000000        0x0 c:/users/dell e5510/documents/mkclipse/avr toolchain/bin/../lib/gcc/avr/5.4.0/../../../../avr/lib/avr5\libprintf_flt.a(vfprintf_flt.o)
 .bss           0x00000000        0x0 c:/users/dell e5510/documents/mkclipse/avr toolchain/bin/../lib/gcc/avr/5.4.0/../../../../avr/lib/avr5\libprintf_flt.a(vfprintf_flt.o)
 .text          0x00000000        0x0 Release/hd44780.o
 .data          0x00000000        0x0 Release/hd44780.o
 .bss           0x00000000        0x0 Release/hd44780.o
 .text.LCD_Clear
                0x00000000       0x14 Release/hd44780.o
 .text.LCD_Home
                0x00000000       0x14 Release/hd44780.o
 .text          0x00000000        0x0 Release/main.o
 .data          0x00000000        0x0 Release/main.o
 .bss           0x00000000        0x0 Release/main.o
 .text.GetResponseBody
                0x00000000       0xac Release/main.o
 .text.ESP8266_Close
                0x00000000        0xc Release/main.o
 .text.ESP8266_JoinAccessPoint
                0x00000000       0xc6 Release/main.o
 .text.ESP8266_Start
                0x00000000       0xcc Release/main.o
 .text.ESP8266_Send
                0x00000000       0xa4 Release/main.o
 .text.ESP8266_DataAvailable
                0x00000000       0x16 Release/main.o
 .text.ESP8266_DataRead
                0x00000000       0x3e Release/main.o
 .text.Read_Data
                0x00000000       0x4a Release/main.o
 .text          0x00000000        0x0 Release/mk_build.o
 .data          0x00000000        0x0 Release/mk_build.o
 .bss           0x00000000        0x0 Release/mk_build.o
 .text          0x00000000        0x0 Release/USART_RS232_C_file.o
 .data          0x00000000        0x0 Release/USART_RS232_C_file.o
 .bss           0x00000000        0x0 Release/USART_RS232_C_file.o
 .text.USART_RxChar
                0x00000000        0x8 Release/USART_RS232_C_file.o
 .text          0x00000000        0x0 c:/users/dell e5510/documents/mkclipse/avr toolchain/bin/../lib/gcc/avr/5.4.0/avr5\libgcc.a(_exit.o)
 .data          0x00000000        0x0 c:/users/dell e5510/documents/mkclipse/avr toolchain/bin/../lib/gcc/avr/5.4.0/avr5\libgcc.a(_exit.o)
 .bss           0x00000000        0x0 c:/users/dell e5510/documents/mkclipse/avr toolchain/bin/../lib/gcc/avr/5.4.0/avr5\libgcc.a(_exit.o)
 .text.libgcc.mul
                0x00000000        0x0 c:/users/dell e5510/documents/mkclipse/avr toolchain/bin/../lib/gcc/avr/5.4.0/avr5\libgcc.a(_exit.o)
 .text.libgcc.div
                0x00000000        0x0 c:/users/dell e5510/documents/mkclipse/avr toolchain/bin/../lib/gcc/avr/5.4.0/avr5\libgcc.a(_exit.o)
 .text.libgcc   0x00000000        0x0 c:/users/dell e5510/documents/mkclipse/avr toolchain/bin/../lib/gcc/avr/5.4.0/avr5\libgcc.a(_exit.o)
 .text.libgcc.prologue
                0x00000000        0x0 c:/users/dell e5510/documents/mkclipse/avr toolchain/bin/../lib/gcc/avr/5.4.0/avr5\libgcc.a(_exit.o)
 .text.libgcc.builtins
                0x00000000        0x0 c:/users/dell e5510/documents/mkclipse/avr toolchain/bin/../lib/gcc/avr/5.4.0/avr5\libgcc.a(_exit.o)
 .text.libgcc.fmul
                0x00000000        0x0 c:/users/dell e5510/documents/mkclipse/avr toolchain/bin/../lib/gcc/avr/5.4.0/avr5\libgcc.a(_exit.o)
 .text.libgcc.fixed
                0x00000000        0x0 c:/users/dell e5510/documents/mkclipse/avr toolchain/bin/../lib/gcc/avr/5.4.0/avr5\libgcc.a(_exit.o)
 .text          0x00000000        0x0 c:/users/dell e5510/documents/mkclipse/avr toolchain/bin/../lib/gcc/avr/5.4.0/avr5\libgcc.a(_copy_data.o)
 .data          0x00000000        0x0 c:/users/dell e5510/documents/mkclipse/avr toolchain/bin/../lib/gcc/avr/5.4.0/avr5\libgcc.a(_copy_data.o)
 .bss           0x00000000        0x0 c:/users/dell e5510/documents/mkclipse/avr toolchain/bin/../lib/gcc/avr/5.4.0/avr5\libgcc.a(_copy_data.o)
 .text.libgcc.mul
                0x00000000        0x0 c:/users/dell e5510/documents/mkclipse/avr toolchain/bin/../lib/gcc/avr/5.4.0/avr5\libgcc.a(_copy_data.o)
 .text.libgcc.div
                0x00000000        0x0 c:/users/dell e5510/documents/mkclipse/avr toolchain/bin/../lib/gcc/avr/5.4.0/avr5\libgcc.a(_copy_data.o)
 .text.libgcc   0x00000000        0x0 c:/users/dell e5510/documents/mkclipse/avr toolchain/bin/../lib/gcc/avr/5.4.0/avr5\libgcc.a(_copy_data.o)
 .text.libgcc.prologue
                0x00000000        0x0 c:/users/dell e5510/documents/mkclipse/avr toolchain/bin/../lib/gcc/avr/5.4.0/avr5\libgcc.a(_copy_data.o)
 .text.libgcc.builtins
                0x00000000        0x0 c:/users/dell e5510/documents/mkclipse/avr toolchain/bin/../lib/gcc/avr/5.4.0/avr5\libgcc.a(_copy_data.o)
 .text.libgcc.fmul
                0x00000000        0x0 c:/users/dell e5510/documents/mkclipse/avr toolchain/bin/../lib/gcc/avr/5.4.0/avr5\libgcc.a(_copy_data.o)
 .text.libgcc.fixed
                0x00000000        0x0 c:/users/dell e5510/documents/mkclipse/avr toolchain/bin/../lib/gcc/avr/5.4.0/avr5\libgcc.a(_copy_data.o)
 .text          0x00000000        0x0 c:/users/dell e5510/documents/mkclipse/avr toolchain/bin/../lib/gcc/avr/5.4.0/avr5\libgcc.a(_clear_bss.o)
 .data          0x00000000        0x0 c:/users/dell e5510/documents/mkclipse/avr toolchain/bin/../lib/gcc/avr/5.4.0/avr5\libgcc.a(_clear_bss.o)
 .bss           0x00000000        0x0 c:/users/dell e5510/documents/mkclipse/avr toolchain/bin/../lib/gcc/avr/5.4.0/avr5\libgcc.a(_clear_bss.o)
 .text.libgcc.mul
                0x00000000        0x0 c:/users/dell e5510/documents/mkclipse/avr toolchain/bin/../lib/gcc/avr/5.4.0/avr5\libgcc.a(_clear_bss.o)
 .text.libgcc.div
                0x00000000        0x0 c:/users/dell e5510/documents/mkclipse/avr toolchain/bin/../lib/gcc/avr/5.4.0/avr5\libgcc.a(_clear_bss.o)
 .text.libgcc   0x00000000        0x0 c:/users/dell e5510/documents/mkclipse/avr toolchain/bin/../lib/gcc/avr/5.4.0/avr5\libgcc.a(_clear_bss.o)
 .text.libgcc.prologue
                0x00000000        0x0 c:/users/dell e5510/documents/mkclipse/avr toolchain/bin/../lib/gcc/avr/5.4.0/avr5\libgcc.a(_clear_bss.o)
 .text.libgcc.builtins
                0x00000000        0x0 c:/users/dell e5510/documents/mkclipse/avr toolchain/bin/../lib/gcc/avr/5.4.0/avr5\libgcc.a(_clear_bss.o)
 .text.libgcc.fmul
                0x00000000        0x0 c:/users/dell e5510/documents/mkclipse/avr toolchain/bin/../lib/gcc/avr/5.4.0/avr5\libgcc.a(_clear_bss.o)
 .text.libgcc.fixed
                0x00000000        0x0 c:/users/dell e5510/documents/mkclipse/avr toolchain/bin/../lib/gcc/avr/5.4.0/avr5\libgcc.a(_clear_bss.o)
 .text          0x00000000        0x0 c:/users/dell e5510/documents/mkclipse/avr toolchain/bin/../lib/gcc/avr/5.4.0/avr5\libgcc.a(_prologue.o)
 .data          0x00000000        0x0 c:/users/dell e5510/documents/mkclipse/avr toolchain/bin/../lib/gcc/avr/5.4.0/avr5\libgcc.a(_prologue.o)
 .bss           0x00000000        0x0 c:/users/dell e5510/documents/mkclipse/avr toolchain/bin/../lib/gcc/avr/5.4.0/avr5\libgcc.a(_prologue.o)
 .text.libgcc.mul
                0x00000000        0x0 c:/users/dell e5510/documents/mkclipse/avr toolchain/bin/../lib/gcc/avr/5.4.0/avr5\libgcc.a(_prologue.o)
 .text.libgcc.div
                0x00000000        0x0 c:/users/dell e5510/documents/mkclipse/avr toolchain/bin/../lib/gcc/avr/5.4.0/avr5\libgcc.a(_prologue.o)
 .text.libgcc   0x00000000        0x0 c:/users/dell e5510/documents/mkclipse/avr toolchain/bin/../lib/gcc/avr/5.4.0/avr5\libgcc.a(_prologue.o)
 .text.libgcc.builtins
                0x00000000        0x0 c:/users/dell e5510/documents/mkclipse/avr toolchain/bin/../lib/gcc/avr/5.4.0/avr5\libgcc.a(_prologue.o)
 .text.libgcc.fmul
                0x00000000        0x0 c:/users/dell e5510/documents/mkclipse/avr toolchain/bin/../lib/gcc/avr/5.4.0/avr5\libgcc.a(_prologue.o)
 .text.libgcc.fixed
                0x00000000        0x0 c:/users/dell e5510/documents/mkclipse/avr toolchain/bin/../lib/gcc/avr/5.4.0/avr5\libgcc.a(_prologue.o)
 .text          0x00000000        0x0 c:/users/dell e5510/documents/mkclipse/avr toolchain/bin/../lib/gcc/avr/5.4.0/avr5\libgcc.a(_epilogue.o)
 .data          0x00000000        0x0 c:/users/dell e5510/documents/mkclipse/avr toolchain/bin/../lib/gcc/avr/5.4.0/avr5\libgcc.a(_epilogue.o)
 .bss           0x00000000        0x0 c:/users/dell e5510/documents/mkclipse/avr toolchain/bin/../lib/gcc/avr/5.4.0/avr5\libgcc.a(_epilogue.o)
 .text.libgcc.mul
                0x00000000        0x0 c:/users/dell e5510/documents/mkclipse/avr toolchain/bin/../lib/gcc/avr/5.4.0/avr5\libgcc.a(_epilogue.o)
 .text.libgcc.div
                0x00000000        0x0 c:/users/dell e5510/documents/mkclipse/avr toolchain/bin/../lib/gcc/avr/5.4.0/avr5\libgcc.a(_epilogue.o)
 .text.libgcc   0x00000000        0x0 c:/users/dell e5510/documents/mkclipse/avr toolchain/bin/../lib/gcc/avr/5.4.0/avr5\libgcc.a(_epilogue.o)
 .text.libgcc.builtins
                0x00000000        0x0 c:/users/dell e5510/documents/mkclipse/avr toolchain/bin/../lib/gcc/avr/5.4.0/avr5\libgcc.a(_epilogue.o)
 .text.libgcc.fmul
                0x00000000        0x0 c:/users/dell e5510/documents/mkclipse/avr toolchain/bin/../lib/gcc/avr/5.4.0/avr5\libgcc.a(_epilogue.o)
 .text.libgcc.fixed
                0x00000000        0x0 c:/users/dell e5510/documents/mkclipse/avr toolchain/bin/../lib/gcc/avr/5.4.0/avr5\libgcc.a(_epilogue.o)
 .text          0x00000000        0x0 c:/users/dell e5510/documents/mkclipse/avr toolchain/bin/../lib/gcc/avr/5.4.0/../../../../avr/lib/avr5\libm.a(addsf3.o)
 .data          0x00000000        0x0 c:/users/dell e5510/documents/mkclipse/avr toolchain/bin/../lib/gcc/avr/5.4.0/../../../../avr/lib/avr5\libm.a(addsf3.o)
 .bss           0x00000000        0x0 c:/users/dell e5510/documents/mkclipse/avr toolchain/bin/../lib/gcc/avr/5.4.0/../../../../avr/lib/avr5\libm.a(addsf3.o)
 .text          0x00000000        0x0 c:/users/dell e5510/documents/mkclipse/avr toolchain/bin/../lib/gcc/avr/5.4.0/../../../../avr/lib/avr5\libm.a(addsf3x.o)
 .data          0x00000000        0x0 c:/users/dell e5510/documents/mkclipse/avr toolchain/bin/../lib/gcc/avr/5.4.0/../../../../avr/lib/avr5\libm.a(addsf3x.o)
 .bss           0x00000000        0x0 c:/users/dell e5510/documents/mkclipse/avr toolchain/bin/../lib/gcc/avr/5.4.0/../../../../avr/lib/avr5\libm.a(addsf3x.o)
 .text          0x00000000        0x0 c:/users/dell e5510/documents/mkclipse/avr toolchain/bin/../lib/gcc/avr/5.4.0/../../../../avr/lib/avr5\libm.a(divsf3.o)
 .data          0x00000000        0x0 c:/users/dell e5510/documents/mkclipse/avr toolchain/bin/../lib/gcc/avr/5.4.0/../../../../avr/lib/avr5\libm.a(divsf3.o)
 .bss           0x00000000        0x0 c:/users/dell e5510/documents/mkclipse/avr toolchain/bin/../lib/gcc/avr/5.4.0/../../../../avr/lib/avr5\libm.a(divsf3.o)
 .text          0x00000000        0x0 c:/users/dell e5510/documents/mkclipse/avr toolchain/bin/../lib/gcc/avr/5.4.0/../../../../avr/lib/avr5\libm.a(divsf3x.o)
 .data          0x00000000        0x0 c:/users/dell e5510/documents/mkclipse/avr toolchain/bin/../lib/gcc/avr/5.4.0/../../../../avr/lib/avr5\libm.a(divsf3x.o)
 .bss           0x00000000        0x0 c:/users/dell e5510/documents/mkclipse/avr toolchain/bin/../lib/gcc/avr/5.4.0/../../../../avr/lib/avr5\libm.a(divsf3x.o)
 .text          0x00000000        0x0 c:/users/dell e5510/documents/mkclipse/avr toolchain/bin/../lib/gcc/avr/5.4.0/../../../../avr/lib/avr5\libm.a(fixsfsi.o)
 .data          0x00000000        0x0 c:/users/dell e5510/documents/mkclipse/avr toolchain/bin/../lib/gcc/avr/5.4.0/../../../../avr/lib/avr5\libm.a(fixsfsi.o)
 .bss           0x00000000        0x0 c:/users/dell e5510/documents/mkclipse/avr toolchain/bin/../lib/gcc/avr/5.4.0/../../../../avr/lib/avr5\libm.a(fixsfsi.o)
 .text          0x00000000        0x0 c:/users/dell e5510/documents/mkclipse/avr toolchain/bin/../lib/gcc/avr/5.4.0/../../../../avr/lib/avr5\libm.a(fixunssfsi.o)
 .data          0x00000000        0x0 c:/users/dell e5510/documents/mkclipse/avr toolchain/bin/../lib/gcc/avr/5.4.0/../../../../avr/lib/avr5\libm.a(fixunssfsi.o)
 .bss           0x00000000        0x0 c:/users/dell e5510/documents/mkclipse/avr toolchain/bin/../lib/gcc/avr/5.4.0/../../../../avr/lib/avr5\libm.a(fixunssfsi.o)
 .text          0x00000000        0x0 c:/users/dell e5510/documents/mkclipse/avr toolchain/bin/../lib/gcc/avr/5.4.0/../../../../avr/lib/avr5\libm.a(floatsisf.o)
 .data          0x00000000        0x0 c:/users/dell e5510/documents/mkclipse/avr toolchain/bin/../lib/gcc/avr/5.4.0/../../../../avr/lib/avr5\libm.a(floatsisf.o)
 .bss           0x00000000        0x0 c:/users/dell e5510/documents/mkclipse/avr toolchain/bin/../lib/gcc/avr/5.4.0/../../../../avr/lib/avr5\libm.a(floatsisf.o)
 .text          0x00000000        0x0 c:/users/dell e5510/documents/mkclipse/avr toolchain/bin/../lib/gcc/avr/5.4.0/../../../../avr/lib/avr5\libm.a(fp_inf.o)
 .data          0x00000000        0x0 c:/users/dell e5510/documents/mkclipse/avr toolchain/bin/../lib/gcc/avr/5.4.0/../../../../avr/lib/avr5\libm.a(fp_inf.o)
 .bss           0x00000000        0x0 c:/users/dell e5510/documents/mkclipse/avr toolchain/bin/../lib/gcc/avr/5.4.0/../../../../avr/lib/avr5\libm.a(fp_inf.o)
 .text          0x00000000        0x0 c:/users/dell e5510/documents/mkclipse/avr toolchain/bin/../lib/gcc/avr/5.4.0/../../../../avr/lib/avr5\libm.a(fp_nan.o)
 .data          0x00000000        0x0 c:/users/dell e5510/documents/mkclipse/avr toolchain/bin/../lib/gcc/avr/5.4.0/../../../../avr/lib/avr5\libm.a(fp_nan.o)
 .bss           0x00000000        0x0 c:/users/dell e5510/documents/mkclipse/avr toolchain/bin/../lib/gcc/avr/5.4.0/../../../../avr/lib/avr5\libm.a(fp_nan.o)
 .text          0x00000000        0x0 c:/users/dell e5510/documents/mkclipse/avr toolchain/bin/../lib/gcc/avr/5.4.0/../../../../avr/lib/avr5\libm.a(fp_pscA.o)
 .data          0x00000000        0x0 c:/users/dell e5510/documents/mkclipse/avr toolchain/bin/../lib/gcc/avr/5.4.0/../../../../avr/lib/avr5\libm.a(fp_pscA.o)
 .bss           0x00000000        0x0 c:/users/dell e5510/documents/mkclipse/avr toolchain/bin/../lib/gcc/avr/5.4.0/../../../../avr/lib/avr5\libm.a(fp_pscA.o)
 .text          0x00000000        0x0 c:/users/dell e5510/documents/mkclipse/avr toolchain/bin/../lib/gcc/avr/5.4.0/../../../../avr/lib/avr5\libm.a(fp_pscB.o)
 .data          0x00000000        0x0 c:/users/dell e5510/documents/mkclipse/avr toolchain/bin/../lib/gcc/avr/5.4.0/../../../../avr/lib/avr5\libm.a(fp_pscB.o)
 .bss           0x00000000        0x0 c:/users/dell e5510/documents/mkclipse/avr toolchain/bin/../lib/gcc/avr/5.4.0/../../../../avr/lib/avr5\libm.a(fp_pscB.o)
 .text          0x00000000        0x0 c:/users/dell e5510/documents/mkclipse/avr toolchain/bin/../lib/gcc/avr/5.4.0/../../../../avr/lib/avr5\libm.a(fp_round.o)
 .data          0x00000000        0x0 c:/users/dell e5510/documents/mkclipse/avr toolchain/bin/../lib/gcc/avr/5.4.0/../../../../avr/lib/avr5\libm.a(fp_round.o)
 .bss           0x00000000        0x0 c:/users/dell e5510/documents/mkclipse/avr toolchain/bin/../lib/gcc/avr/5.4.0/../../../../avr/lib/avr5\libm.a(fp_round.o)
 .text          0x00000000        0x0 c:/users/dell e5510/documents/mkclipse/avr toolchain/bin/../lib/gcc/avr/5.4.0/../../../../avr/lib/avr5\libm.a(fp_split3.o)
 .data          0x00000000        0x0 c:/users/dell e5510/documents/mkclipse/avr toolchain/bin/../lib/gcc/avr/5.4.0/../../../../avr/lib/avr5\libm.a(fp_split3.o)
 .bss           0x00000000        0x0 c:/users/dell e5510/documents/mkclipse/avr toolchain/bin/../lib/gcc/avr/5.4.0/../../../../avr/lib/avr5\libm.a(fp_split3.o)
 .text          0x00000000        0x0 c:/users/dell e5510/documents/mkclipse/avr toolchain/bin/../lib/gcc/avr/5.4.0/../../../../avr/lib/avr5\libm.a(fp_zero.o)
 .data          0x00000000        0x0 c:/users/dell e5510/documents/mkclipse/avr toolchain/bin/../lib/gcc/avr/5.4.0/../../../../avr/lib/avr5\libm.a(fp_zero.o)
 .bss           0x00000000        0x0 c:/users/dell e5510/documents/mkclipse/avr toolchain/bin/../lib/gcc/avr/5.4.0/../../../../avr/lib/avr5\libm.a(fp_zero.o)
 .text          0x00000000        0x0 c:/users/dell e5510/documents/mkclipse/avr toolchain/bin/../lib/gcc/avr/5.4.0/../../../../avr/lib/avr5\libm.a(mulsf3.o)
 .data          0x00000000        0x0 c:/users/dell e5510/documents/mkclipse/avr toolchain/bin/../lib/gcc/avr/5.4.0/../../../../avr/lib/avr5\libm.a(mulsf3.o)
 .bss           0x00000000        0x0 c:/users/dell e5510/documents/mkclipse/avr toolchain/bin/../lib/gcc/avr/5.4.0/../../../../avr/lib/avr5\libm.a(mulsf3.o)
 .text          0x00000000        0x0 c:/users/dell e5510/documents/mkclipse/avr toolchain/bin/../lib/gcc/avr/5.4.0/../../../../avr/lib/avr5\libm.a(mulsf3x.o)
 .data          0x00000000        0x0 c:/users/dell e5510/documents/mkclipse/avr toolchain/bin/../lib/gcc/avr/5.4.0/../../../../avr/lib/avr5\libm.a(mulsf3x.o)
 .bss           0x00000000        0x0 c:/users/dell e5510/documents/mkclipse/avr toolchain/bin/../lib/gcc/avr/5.4.0/../../../../avr/lib/avr5\libm.a(mulsf3x.o)
 .text          0x00000000        0x0 c:/users/dell e5510/documents/mkclipse/avr toolchain/bin/../lib/gcc/avr/5.4.0/../../../../avr/lib/avr5\libm.a(round.o)
 .data          0x00000000        0x0 c:/users/dell e5510/documents/mkclipse/avr toolchain/bin/../lib/gcc/avr/5.4.0/../../../../avr/lib/avr5\libm.a(round.o)
 .bss           0x00000000        0x0 c:/users/dell e5510/documents/mkclipse/avr toolchain/bin/../lib/gcc/avr/5.4.0/../../../../avr/lib/avr5\libm.a(round.o)
 .text          0x00000000        0x0 c:/users/dell e5510/documents/mkclipse/avr toolchain/bin/../lib/gcc/avr/5.4.0/../../../../avr/lib/avr5\libm.a(fp_mintl.o)
 .data          0x00000000        0x0 c:/users/dell e5510/documents/mkclipse/avr toolchain/bin/../lib/gcc/avr/5.4.0/../../../../avr/lib/avr5\libm.a(fp_mintl.o)
 .bss           0x00000000        0x0 c:/users/dell e5510/documents/mkclipse/avr toolchain/bin/../lib/gcc/avr/5.4.0/../../../../avr/lib/avr5\libm.a(fp_mintl.o)
 .text          0x00000000        0x0 c:/users/dell e5510/documents/mkclipse/avr toolchain/bin/../lib/gcc/avr/5.4.0/../../../../avr/lib/avr5\libm.a(fp_mpack.o)
 .data          0x00000000        0x0 c:/users/dell e5510/documents/mkclipse/avr toolchain/bin/../lib/gcc/avr/5.4.0/../../../../avr/lib/avr5\libm.a(fp_mpack.o)
 .bss           0x00000000        0x0 c:/users/dell e5510/documents/mkclipse/avr toolchain/bin/../lib/gcc/avr/5.4.0/../../../../avr/lib/avr5\libm.a(fp_mpack.o)
 .text          0x00000000        0x0 c:/users/dell e5510/documents/mkclipse/avr toolchain/bin/../lib/gcc/avr/5.4.0/../../../../avr/lib/avr5\libc.a(ftoa_engine.o)
 .data          0x00000000        0x0 c:/users/dell e5510/documents/mkclipse/avr toolchain/bin/../lib/gcc/avr/5.4.0/../../../../avr/lib/avr5\libc.a(ftoa_engine.o)
 .bss           0x00000000        0x0 c:/users/dell e5510/documents/mkclipse/avr toolchain/bin/../lib/gcc/avr/5.4.0/../../../../avr/lib/avr5\libc.a(ftoa_engine.o)
 .text          0x00000000        0x0 c:/users/dell e5510/documents/mkclipse/avr toolchain/bin/../lib/gcc/avr/5.4.0/../../../../avr/lib/avr5\libc.a(strnlen_P.o)
 .data          0x00000000        0x0 c:/users/dell e5510/documents/mkclipse/avr toolchain/bin/../lib/gcc/avr/5.4.0/../../../../avr/lib/avr5\libc.a(strnlen_P.o)
 .bss           0x00000000        0x0 c:/users/dell e5510/documents/mkclipse/avr toolchain/bin/../lib/gcc/avr/5.4.0/../../../../avr/lib/avr5\libc.a(strnlen_P.o)
 .text          0x00000000        0x0 c:/users/dell e5510/documents/mkclipse/avr toolchain/bin/../lib/gcc/avr/5.4.0/../../../../avr/lib/avr5\libc.a(memcpy.o)
 .data          0x00000000        0x0 c:/users/dell e5510/documents/mkclipse/avr toolchain/bin/../lib/gcc/avr/5.4.0/../../../../avr/lib/avr5\libc.a(memcpy.o)
 .bss           0x00000000        0x0 c:/users/dell e5510/documents/mkclipse/avr toolchain/bin/../lib/gcc/avr/5.4.0/../../../../avr/lib/avr5\libc.a(memcpy.o)
 .text          0x00000000        0x0 c:/users/dell e5510/documents/mkclipse/avr toolchain/bin/../lib/gcc/avr/5.4.0/../../../../avr/lib/avr5\libc.a(memmove.o)
 .data          0x00000000        0x0 c:/users/dell e5510/documents/mkclipse/avr toolchain/bin/../lib/gcc/avr/5.4.0/../../../../avr/lib/avr5\libc.a(memmove.o)
 .bss           0x00000000        0x0 c:/users/dell e5510/documents/mkclipse/avr toolchain/bin/../lib/gcc/avr/5.4.0/../../../../avr/lib/avr5\libc.a(memmove.o)
 .text          0x00000000        0x0 c:/users/dell e5510/documents/mkclipse/avr toolchain/bin/../lib/gcc/avr/5.4.0/../../../../avr/lib/avr5\libc.a(memset.o)
 .data          0x00000000        0x0 c:/users/dell e5510/documents/mkclipse/avr toolchain/bin/../lib/gcc/avr/5.4.0/../../../../avr/lib/avr5\libc.a(memset.o)
 .bss           0x00000000        0x0 c:/users/dell e5510/documents/mkclipse/avr toolchain/bin/../lib/gcc/avr/5.4.0/../../../../avr/lib/avr5\libc.a(memset.o)
 .text.avr-libc
                0x00000000        0xe c:/users/dell e5510/documents/mkclipse/avr toolchain/bin/../lib/gcc/avr/5.4.0/../../../../avr/lib/avr5\libc.a(memset.o)
 .text          0x00000000        0x0 c:/users/dell e5510/documents/mkclipse/avr toolchain/bin/../lib/gcc/avr/5.4.0/../../../../avr/lib/avr5\libc.a(strncmp.o)
 .data          0x00000000        0x0 c:/users/dell e5510/documents/mkclipse/avr toolchain/bin/../lib/gcc/avr/5.4.0/../../../../avr/lib/avr5\libc.a(strncmp.o)
 .bss           0x00000000        0x0 c:/users/dell e5510/documents/mkclipse/avr toolchain/bin/../lib/gcc/avr/5.4.0/../../../../avr/lib/avr5\libc.a(strncmp.o)
 .text          0x00000000        0x0 c:/users/dell e5510/documents/mkclipse/avr toolchain/bin/../lib/gcc/avr/5.4.0/../../../../avr/lib/avr5\libc.a(strncpy.o)
 .data          0x00000000        0x0 c:/users/dell e5510/documents/mkclipse/avr toolchain/bin/../lib/gcc/avr/5.4.0/../../../../avr/lib/avr5\libc.a(strncpy.o)
 .bss           0x00000000        0x0 c:/users/dell e5510/documents/mkclipse/avr toolchain/bin/../lib/gcc/avr/5.4.0/../../../../avr/lib/avr5\libc.a(strncpy.o)
 .text.avr-libc
                0x00000000       0x1e c:/users/dell e5510/documents/mkclipse/avr toolchain/bin/../lib/gcc/avr/5.4.0/../../../../avr/lib/avr5\libc.a(strncpy.o)
 .text          0x00000000        0x0 c:/users/dell e5510/documents/mkclipse/avr toolchain/bin/../lib/gcc/avr/5.4.0/../../../../avr/lib/avr5\libc.a(strnlen.o)
 .data          0x00000000        0x0 c:/users/dell e5510/documents/mkclipse/avr toolchain/bin/../lib/gcc/avr/5.4.0/../../../../avr/lib/avr5\libc.a(strnlen.o)
 .bss           0x00000000        0x0 c:/users/dell e5510/documents/mkclipse/avr toolchain/bin/../lib/gcc/avr/5.4.0/../../../../avr/lib/avr5\libc.a(strnlen.o)
 .text          0x00000000        0x0 c:/users/dell e5510/documents/mkclipse/avr toolchain/bin/../lib/gcc/avr/5.4.0/../../../../avr/lib/avr5\libc.a(strstr.o)
 .data          0x00000000        0x0 c:/users/dell e5510/documents/mkclipse/avr toolchain/bin/../lib/gcc/avr/5.4.0/../../../../avr/lib/avr5\libc.a(strstr.o)
 .bss           0x00000000        0x0 c:/users/dell e5510/documents/mkclipse/avr toolchain/bin/../lib/gcc/avr/5.4.0/../../../../avr/lib/avr5\libc.a(strstr.o)
 .text          0x00000000        0x0 c:/users/dell e5510/documents/mkclipse/avr toolchain/bin/../lib/gcc/avr/5.4.0/../../../../avr/lib/avr5\libc.a(itoa_ncheck.o)
 .data          0x00000000        0x0 c:/users/dell e5510/documents/mkclipse/avr toolchain/bin/../lib/gcc/avr/5.4.0/../../../../avr/lib/avr5\libc.a(itoa_ncheck.o)
 .bss           0x00000000        0x0 c:/users/dell e5510/documents/mkclipse/avr toolchain/bin/../lib/gcc/avr/5.4.0/../../../../avr/lib/avr5\libc.a(itoa_ncheck.o)
 .text          0x00000000        0x0 c:/users/dell e5510/documents/mkclipse/avr toolchain/bin/../lib/gcc/avr/5.4.0/../../../../avr/lib/avr5\libc.a(utoa_ncheck.o)
 .data          0x00000000        0x0 c:/users/dell e5510/documents/mkclipse/avr toolchain/bin/../lib/gcc/avr/5.4.0/../../../../avr/lib/avr5\libc.a(utoa_ncheck.o)
 .bss           0x00000000        0x0 c:/users/dell e5510/documents/mkclipse/avr toolchain/bin/../lib/gcc/avr/5.4.0/../../../../avr/lib/avr5\libc.a(utoa_ncheck.o)
 .text          0x00000000        0x0 c:/users/dell e5510/documents/mkclipse/avr toolchain/bin/../lib/gcc/avr/5.4.0/../../../../avr/lib/avr5\libc.a(fputc.o)
 .data          0x00000000        0x0 c:/users/dell e5510/documents/mkclipse/avr toolchain/bin/../lib/gcc/avr/5.4.0/../../../../avr/lib/avr5\libc.a(fputc.o)
 .bss           0x00000000        0x0 c:/users/dell e5510/documents/mkclipse/avr toolchain/bin/../lib/gcc/avr/5.4.0/../../../../avr/lib/avr5\libc.a(fputc.o)
 .text          0x00000000        0x0 c:/users/dell e5510/documents/mkclipse/avr toolchain/bin/../lib/gcc/avr/5.4.0/../../../../avr/lib/avr5\libc.a(sprintf.o)
 .data          0x00000000        0x0 c:/users/dell e5510/documents/mkclipse/avr toolchain/bin/../lib/gcc/avr/5.4.0/../../../../avr/lib/avr5\libc.a(sprintf.o)
 .bss           0x00000000        0x0 c:/users/dell e5510/documents/mkclipse/avr toolchain/bin/../lib/gcc/avr/5.4.0/../../../../avr/lib/avr5\libc.a(sprintf.o)
 .text          0x00000000        0x0 c:/users/dell e5510/documents/mkclipse/avr toolchain/bin/../lib/gcc/avr/5.4.0/../../../../avr/lib/avr5\libc.a(ultoa_invert.o)
 .data          0x00000000        0x0 c:/users/dell e5510/documents/mkclipse/avr toolchain/bin/../lib/gcc/avr/5.4.0/../../../../avr/lib/avr5\libc.a(ultoa_invert.o)
 .bss           0x00000000        0x0 c:/users/dell e5510/documents/mkclipse/avr toolchain/bin/../lib/gcc/avr/5.4.0/../../../../avr/lib/avr5\libc.a(ultoa_invert.o)
 .text          0x00000000        0x0 c:/users/dell e5510/documents/mkclipse/avr toolchain/bin/../lib/gcc/avr/5.4.0/../../../../avr/lib/avr5\libc.a(strrev.o)
 .data          0x00000000        0x0 c:/users/dell e5510/documents/mkclipse/avr toolchain/bin/../lib/gcc/avr/5.4.0/../../../../avr/lib/avr5\libc.a(strrev.o)
 .bss           0x00000000        0x0 c:/users/dell e5510/documents/mkclipse/avr toolchain/bin/../lib/gcc/avr/5.4.0/../../../../avr/lib/avr5\libc.a(strrev.o)

Memory Configuration

Name             Origin             Length             Attributes
text             0x00000000         0x00020000         xr
data             0x00800060         0x0000ffa0         rw !x
eeprom           0x00810000         0x00010000         rw !x
fuse             0x00820000         0x00000400         rw !x
lock             0x00830000         0x00000400         rw !x
signature        0x00840000         0x00000400         rw !x
user_signatures  0x00850000         0x00000400         rw !x
*default*        0x00000000         0xffffffff

Linker script and memory map

LOAD c:/users/dell e5510/documents/mkclipse/avr toolchain/bin/../lib/gcc/avr/5.4.0/../../../../avr/lib/avr5/crtatmega32.o
LOAD c:/users/dell e5510/documents/mkclipse/avr toolchain/bin/../lib/gcc/avr/5.4.0/../../../../avr/lib/avr5\libprintf_flt.a
LOAD c:/users/dell e5510/documents/mkclipse/avr toolchain/bin/../lib/gcc/avr/5.4.0/../../../../avr/lib/avr5\libm.a
LOAD Release/hd44780.o
LOAD Release/main.o
LOAD Release/mk_build.o
LOAD Release/USART_RS232_C_file.o
START GROUP
LOAD c:/users/dell e5510/documents/mkclipse/avr toolchain/bin/../lib/gcc/avr/5.4.0/avr5\libgcc.a
LOAD c:/users/dell e5510/documents/mkclipse/avr toolchain/bin/../lib/gcc/avr/5.4.0/../../../../avr/lib/avr5\libm.a
LOAD c:/users/dell e5510/documents/mkclipse/avr toolchain/bin/../lib/gcc/avr/5.4.0/../../../../avr/lib/avr5\libc.a
LOAD c:/users/dell e5510/documents/mkclipse/avr toolchain/bin/../lib/gcc/avr/5.4.0/../../../../avr/lib/avr5\libatmega32.a
END GROUP

.hash
 *(.hash)

.dynsym
 *(.dynsym)

.dynstr
 *(.dynstr)

.gnu.version
 *(.gnu.version)

.gnu.version_d
 *(.gnu.version_d)

.gnu.version_r
 *(.gnu.version_r)

.rel.init
 *(.rel.init)

.rela.init
 *(.rela.init)

.rel.text
 *(.rel.text)
 *(.rel.text.*)
 *(.rel.gnu.linkonce.t*)

.rela.text
 *(.rela.text)
 *(.rela.text.*)
 *(.rela.gnu.linkonce.t*)

.rel.fini
 *(.rel.fini)

.rela.fini
 *(.rela.fini)

.rel.rodata
 *(.rel.rodata)
 *(.rel.rodata.*)
 *(.rel.gnu.linkonce.r*)

.rela.rodata
 *(.rela.rodata)
 *(.rela.rodata.*)
 *(.rela.gnu.linkonce.r*)

.rel.data
 *(.rel.data)
 *(.rel.data.*)
 *(.rel.gnu.linkonce.d*)

.rela.data
 *(.rela.data)
 *(.rela.data.*)
 *(.rela.gnu.linkonce.d*)

.rel.ctors
 *(.rel.ctors)

.rela.ctors
 *(.rela.ctors)

.rel.dtors
 *(.rel.dtors)

.rela.dtors
 *(.rela.dtors)

.rel.got
 *(.rel.got)

.rela.got
 *(.rela.got)

.rel.bss
 *(.rel.bss)

.rela.bss
 *(.rela.bss)

.rel.plt
 *(.rel.plt)

.rela.plt
 *(.rela.plt)

.text           0x00000000     0x1882
 *(.vectors)
 .vectors       0x00000000       0x54 c:/users/dell e5510/documents/mkclipse/avr toolchain/bin/../lib/gcc/avr/5.4.0/../../../../avr/lib/avr5/crtatmega32.o
                0x00000000                __vector_default
                0x00000000                __vectors
 *(.vectors)
 *(.progmem.gcc*)
                0x00000054                . = ALIGN (0x2)
                0x00000054                __trampolines_start = .
 *(.trampolines)
 .trampolines   0x00000054        0x0 linker stubs
 *(.trampolines*)
                0x00000054                __trampolines_end = .
 *(.progmem*)
 .progmem.data  0x00000054        0x8 c:/users/dell e5510/documents/mkclipse/avr toolchain/bin/../lib/gcc/avr/5.4.0/../../../../avr/lib/avr5\libprintf_flt.a(vfprintf_flt.o)
 .progmem.data.MkBuildTime
                0x0000005c        0x9 Release/mk_build.o
                0x0000005c                MkBuildTime
 .progmem.data.MkBuildDate
                0x00000065        0xb Release/mk_build.o
                0x00000065                MkBuildDate
 .progmem.data.MkBuildNumber
                0x00000070        0x3 Release/mk_build.o
                0x00000070                MkBuildNumber
 .progmem.data.MkBuildVersion
                0x00000073        0x6 Release/mk_build.o
                0x00000073                MkBuildVersion
 .progmem.data  0x00000079       0xfa c:/users/dell e5510/documents/mkclipse/avr toolchain/bin/../lib/gcc/avr/5.4.0/../../../../avr/lib/avr5\libc.a(ftoa_engine.o)
                0x00000174                . = ALIGN (0x2)
 *fill*         0x00000173        0x1 
 *(.jumptables)
 *(.jumptables*)
 *(.lowtext)
 *(.lowtext*)
                0x00000174                __ctors_start = .
 *(.ctors)
                0x00000174                __ctors_end = .
                0x00000174                __dtors_start = .
 *(.dtors)
                0x00000174                __dtors_end = .
 SORT(*)(.ctors)
 SORT(*)(.dtors)
 *(.init0)
 .init0         0x00000174        0x0 c:/users/dell e5510/documents/mkclipse/avr toolchain/bin/../lib/gcc/avr/5.4.0/../../../../avr/lib/avr5/crtatmega32.o
                0x00000174                __init
 *(.init0)
 *(.init1)
 *(.init1)
 *(.init2)
 .init2         0x00000174        0xc c:/users/dell e5510/documents/mkclipse/avr toolchain/bin/../lib/gcc/avr/5.4.0/../../../../avr/lib/avr5/crtatmega32.o
 *(.init2)
 *(.init3)
 *(.init3)
 *(.init4)
 .init4         0x00000180       0x16 c:/users/dell e5510/documents/mkclipse/avr toolchain/bin/../lib/gcc/avr/5.4.0/avr5\libgcc.a(_copy_data.o)
                0x00000180                __do_copy_data
 .init4         0x00000196       0x10 c:/users/dell e5510/documents/mkclipse/avr toolchain/bin/../lib/gcc/avr/5.4.0/avr5\libgcc.a(_clear_bss.o)
                0x00000196                __do_clear_bss
 *(.init4)
 *(.init5)
 *(.init5)
 *(.init6)
 *(.init6)
 *(.init7)
 *(.init7)
 *(.init8)
 *(.init8)
 *(.init9)
 .init9         0x000001a6        0x8 c:/users/dell e5510/documents/mkclipse/avr toolchain/bin/../lib/gcc/avr/5.4.0/../../../../avr/lib/avr5/crtatmega32.o
 *(.init9)
 *(.text)
 .text          0x000001ae        0x4 c:/users/dell e5510/documents/mkclipse/avr toolchain/bin/../lib/gcc/avr/5.4.0/../../../../avr/lib/avr5/crtatmega32.o
                0x000001ae                __vector_1
                0x000001ae                __vector_12
                0x000001ae                __bad_interrupt
                0x000001ae                __vector_6
                0x000001ae                __vector_3
                0x000001ae                __vector_11
                0x000001ae                __vector_17
                0x000001ae                __vector_19
                0x000001ae                __vector_7
                0x000001ae                __vector_5
                0x000001ae                __vector_4
                0x000001ae                __vector_9
                0x000001ae                __vector_2
                0x000001ae                __vector_15
                0x000001ae                __vector_8
                0x000001ae                __vector_14
                0x000001ae                __vector_10
                0x000001ae                __vector_16
                0x000001ae                __vector_18
                0x000001ae                __vector_20
                0x000001b2                . = ALIGN (0x2)
 *(.text.*)
 .text.avr-libc
                0x000001b2      0x6f6 c:/users/dell e5510/documents/mkclipse/avr toolchain/bin/../lib/gcc/avr/5.4.0/../../../../avr/lib/avr5\libprintf_flt.a(vfprintf_flt.o)
                0x000001b2                vfprintf
 .text._LCD_OutNibble
                0x000008a8       0x2a Release/hd44780.o
                0x000008a8                _LCD_OutNibble
 .text._LCD_Write
                0x000008d2       0x26 Release/hd44780.o
                0x000008d2                _LCD_Write
 .text.LCD_WriteCommand
                0x000008f8        0x6 Release/hd44780.o
                0x000008f8                LCD_WriteCommand
 .text.LCD_WriteData
                0x000008fe        0x6 Release/hd44780.o
                0x000008fe                LCD_WriteData
 .text.LCD_WriteText
                0x00000904       0x18 Release/hd44780.o
                0x00000904                LCD_WriteText
 .text.LCD_GoTo
                0x0000091c        0xe Release/hd44780.o
                0x0000091c                LCD_GoTo
 .text.LCD_Initalize
                0x0000092a       0x7c Release/hd44780.o
                0x0000092a                LCD_Initalize
 .text.Read_Response
                0x000009a6      0x1f0 Release/main.o
                0x000009a6                Read_Response
 .text.ESP8266_Clear
                0x00000b96       0x20 Release/main.o
                0x00000b96                ESP8266_Clear
 .text.Start_Read_Response
                0x00000bb6       0x20 Release/main.o
                0x00000bb6                Start_Read_Response
 .text.WaitForExpectedResponse
                0x00000bd6       0x12 Release/main.o
                0x00000bd6                WaitForExpectedResponse
 .text.SendATandExpectResponse
                0x00000be8       0x2c Release/main.o
                0x00000be8                SendATandExpectResponse
 .text.ESP8266_ApplicationMode
                0x00000c14       0x6a Release/main.o
                0x00000c14                ESP8266_ApplicationMode
 .text.ESP8266_ConnectionMode
                0x00000c7e       0x6a Release/main.o
                0x00000c7e                ESP8266_ConnectionMode
 .text.ESP8266_Begin
                0x00000ce8       0x30 Release/main.o
                0x00000ce8                ESP8266_Begin
 .text.ESP8266_WIFIMode
                0x00000d18       0x6a Release/main.o
                0x00000d18                ESP8266_WIFIMode
 .text.ESP8266_connected
                0x00000d82       0x60 Release/main.o
                0x00000d82                ESP8266_connected
 .text.__vector_13
                0x00000de2       0x6e Release/main.o
                0x00000de2                __vector_13
 .text.startup.main
                0x00000e50       0xb8 Release/main.o
                0x00000e50                main
 .text.USART_Init
                0x00000f08       0x48 Release/USART_RS232_C_file.o
                0x00000f08                USART_Init
 .text.USART_TxChar
                0x00000f50        0x8 Release/USART_RS232_C_file.o
                0x00000f50                USART_TxChar
 .text.USART_SendString
                0x00000f58       0x18 Release/USART_RS232_C_file.o
                0x00000f58                USART_SendString
 .text.libgcc.prologue
                0x00000f70       0x38 c:/users/dell e5510/documents/mkclipse/avr toolchain/bin/../lib/gcc/avr/5.4.0/avr5\libgcc.a(_prologue.o)
                0x00000f70                __prologue_saves__
 .text.libgcc.prologue
                0x00000fa8       0x36 c:/users/dell e5510/documents/mkclipse/avr toolchain/bin/../lib/gcc/avr/5.4.0/avr5\libgcc.a(_epilogue.o)
                0x00000fa8                __epilogue_restores__
 .text.avr-libc.fplib
                0x00000fde        0xa c:/users/dell e5510/documents/mkclipse/avr toolchain/bin/../lib/gcc/avr/5.4.0/../../../../avr/lib/avr5\libm.a(addsf3.o)
                0x00000fde                __subsf3
                0x00000fe0                __addsf3
 .text.avr-libc.fplib
                0x00000fe8       0xc0 c:/users/dell e5510/documents/mkclipse/avr toolchain/bin/../lib/gcc/avr/5.4.0/../../../../avr/lib/avr5\libm.a(addsf3x.o)
                0x00001002                __addsf3x
 .text.avr-libc.fplib
                0x000010a8        0x4 c:/users/dell e5510/documents/mkclipse/avr toolchain/bin/../lib/gcc/avr/5.4.0/../../../../avr/lib/avr5\libm.a(divsf3.o)
                0x000010a8                __divsf3
 .text.avr-libc.fplib
                0x000010ac       0xcc c:/users/dell e5510/documents/mkclipse/avr toolchain/bin/../lib/gcc/avr/5.4.0/../../../../avr/lib/avr5\libm.a(divsf3x.o)
                0x000010c2                __divsf3x
                0x000010c6                __divsf3_pse
 .text.avr-libc.fplib
                0x00001178        0xa c:/users/dell e5510/documents/mkclipse/avr toolchain/bin/../lib/gcc/avr/5.4.0/../../../../avr/lib/avr5\libm.a(fixsfsi.o)
                0x00001178                __fixsfsi
 .text.avr-libc.fplib
                0x00001182       0x58 c:/users/dell e5510/documents/mkclipse/avr toolchain/bin/../lib/gcc/avr/5.4.0/../../../../avr/lib/avr5\libm.a(fixunssfsi.o)
                0x00001182                __fixunssfsi
 .text.avr-libc.fplib
                0x000011da       0x7a c:/users/dell e5510/documents/mkclipse/avr toolchain/bin/../lib/gcc/avr/5.4.0/../../../../avr/lib/avr5\libm.a(floatsisf.o)
                0x000011da                __floatunsisf
                0x000011de                __floatsisf
 .text.avr-libc.fplib
                0x00001254        0xc c:/users/dell e5510/documents/mkclipse/avr toolchain/bin/../lib/gcc/avr/5.4.0/../../../../avr/lib/avr5\libm.a(fp_inf.o)
                0x00001254                __fp_inf
 .text.avr-libc.fplib
                0x00001260        0x6 c:/users/dell e5510/documents/mkclipse/avr toolchain/bin/../lib/gcc/avr/5.4.0/../../../../avr/lib/avr5\libm.a(fp_nan.o)
                0x00001260                __fp_nan
 .text.avr-libc.fplib
                0x00001266        0xe c:/users/dell e5510/documents/mkclipse/avr toolchain/bin/../lib/gcc/avr/5.4.0/../../../../avr/lib/avr5\libm.a(fp_pscA.o)
                0x00001266                __fp_pscA
 .text.avr-libc.fplib
                0x00001274        0xe c:/users/dell e5510/documents/mkclipse/avr toolchain/bin/../lib/gcc/avr/5.4.0/../../../../avr/lib/avr5\libm.a(fp_pscB.o)
                0x00001274                __fp_pscB
 .text.avr-libc.fplib
                0x00001282       0x22 c:/users/dell e5510/documents/mkclipse/avr toolchain/bin/../lib/gcc/avr/5.4.0/../../../../avr/lib/avr5\libm.a(fp_round.o)
                0x00001282                __fp_round
 .text.avr-libc.fplib
                0x000012a4       0x44 c:/users/dell e5510/documents/mkclipse/avr toolchain/bin/../lib/gcc/avr/5.4.0/../../../../avr/lib/avr5\libm.a(fp_split3.o)
                0x000012a4                __fp_split3
                0x000012b4                __fp_splitA
 .text.avr-libc.fplib
                0x000012e8        0xe c:/users/dell e5510/documents/mkclipse/avr toolchain/bin/../lib/gcc/avr/5.4.0/../../../../avr/lib/avr5\libm.a(fp_zero.o)
                0x000012e8                __fp_zero
                0x000012ea                __fp_szero
 .text.avr-libc.fplib
                0x000012f6        0x4 c:/users/dell e5510/documents/mkclipse/avr toolchain/bin/../lib/gcc/avr/5.4.0/../../../../avr/lib/avr5\libm.a(mulsf3.o)
                0x000012f6                __mulsf3
 .text.avr-libc.fplib
                0x000012fa       0xc2 c:/users/dell e5510/documents/mkclipse/avr toolchain/bin/../lib/gcc/avr/5.4.0/../../../../avr/lib/avr5\libm.a(mulsf3x.o)
                0x0000130e                __mulsf3x
                0x00001312                __mulsf3_pse
 .text.avr-libc.fplib
                0x000013bc       0x40 c:/users/dell e5510/documents/mkclipse/avr toolchain/bin/../lib/gcc/avr/5.4.0/../../../../avr/lib/avr5\libm.a(round.o)
                0x000013bc                round
 .text.avr-libc.fplib
                0x000013fc       0x36 c:/users/dell e5510/documents/mkclipse/avr toolchain/bin/../lib/gcc/avr/5.4.0/../../../../avr/lib/avr5\libm.a(fp_mintl.o)
                0x000013fc                __fp_mintl
 .text.avr-libc.fplib
                0x00001432       0x1c c:/users/dell e5510/documents/mkclipse/avr toolchain/bin/../lib/gcc/avr/5.4.0/../../../../avr/lib/avr5\libm.a(fp_mpack.o)
                0x00001432                __fp_mpack
                0x00001436                __fp_mpack_finite
 .text.avr-libc
                0x0000144e      0x1b0 c:/users/dell e5510/documents/mkclipse/avr toolchain/bin/../lib/gcc/avr/5.4.0/../../../../avr/lib/avr5\libc.a(ftoa_engine.o)
                0x0000144e                __ftoa_engine
 .text.avr-libc
                0x000015fe       0x16 c:/users/dell e5510/documents/mkclipse/avr toolchain/bin/../lib/gcc/avr/5.4.0/../../../../avr/lib/avr5\libc.a(strnlen_P.o)
                0x000015fe                strnlen_P
 .text.avr-libc
                0x00001614       0x12 c:/users/dell e5510/documents/mkclipse/avr toolchain/bin/../lib/gcc/avr/5.4.0/../../../../avr/lib/avr5\libc.a(memcpy.o)
                0x00001614                memcpy
 .text.avr-libc
                0x00001626       0x24 c:/users/dell e5510/documents/mkclipse/avr toolchain/bin/../lib/gcc/avr/5.4.0/../../../../avr/lib/avr5\libc.a(memmove.o)
                0x00001626                memmove
 .text.avr-libc
                0x0000164a       0x1c c:/users/dell e5510/documents/mkclipse/avr toolchain/bin/../lib/gcc/avr/5.4.0/../../../../avr/lib/avr5\libc.a(strncmp.o)
                0x0000164a                strncmp
 .text.avr-libc
                0x00001666       0x16 c:/users/dell e5510/documents/mkclipse/avr toolchain/bin/../lib/gcc/avr/5.4.0/../../../../avr/lib/avr5\libc.a(strnlen.o)
                0x00001666                strnlen
 .text.avr-libc
                0x0000167c       0x34 c:/users/dell e5510/documents/mkclipse/avr toolchain/bin/../lib/gcc/avr/5.4.0/../../../../avr/lib/avr5\libc.a(strstr.o)
                0x0000167c                strstr
 .text.avr-libc
                0x000016b0       0x16 c:/users/dell e5510/documents/mkclipse/avr toolchain/bin/../lib/gcc/avr/5.4.0/../../../../avr/lib/avr5\libc.a(itoa_ncheck.o)
                0x000016b0                __itoa_ncheck
 .text.avr-libc
                0x000016c6       0x34 c:/users/dell e5510/documents/mkclipse/avr toolchain/bin/../lib/gcc/avr/5.4.0/../../../../avr/lib/avr5\libc.a(utoa_ncheck.o)
                0x000016c6                __utoa_ncheck
                0x000016c8                __utoa_common
 .text.avr-libc
                0x000016fa       0x64 c:/users/dell e5510/documents/mkclipse/avr toolchain/bin/../lib/gcc/avr/5.4.0/../../../../avr/lib/avr5\libc.a(fputc.o)
                0x000016fa                fputc
 .text.avr-libc
                0x0000175e       0x44 c:/users/dell e5510/documents/mkclipse/avr toolchain/bin/../lib/gcc/avr/5.4.0/../../../../avr/lib/avr5\libc.a(sprintf.o)
                0x0000175e                sprintf
 .text.avr-libc
                0x000017a2       0xbc c:/users/dell e5510/documents/mkclipse/avr toolchain/bin/../lib/gcc/avr/5.4.0/../../../../avr/lib/avr5\libc.a(ultoa_invert.o)
                0x000017a2                __ultoa_invert
 .text.avr-libc
                0x0000185e       0x20 c:/users/dell e5510/documents/mkclipse/avr toolchain/bin/../lib/gcc/avr/5.4.0/../../../../avr/lib/avr5\libc.a(strrev.o)
                0x0000185e                strrev
                0x0000187e                . = ALIGN (0x2)
 *(.fini9)
 .fini9         0x0000187e        0x0 c:/users/dell e5510/documents/mkclipse/avr toolchain/bin/../lib/gcc/avr/5.4.0/avr5\libgcc.a(_exit.o)
                0x0000187e                _exit
                0x0000187e                exit
 *(.fini9)
 *(.fini8)
 *(.fini8)
 *(.fini7)
 *(.fini7)
 *(.fini6)
 *(.fini6)
 *(.fini5)
 *(.fini5)
 *(.fini4)
 *(.fini4)
 *(.fini3)
 *(.fini3)
 *(.fini2)
 *(.fini2)
 *(.fini1)
 *(.fini1)
 *(.fini0)
 .fini0         0x0000187e        0x4 c:/users/dell e5510/documents/mkclipse/avr toolchain/bin/../lib/gcc/avr/5.4.0/avr5\libgcc.a(_exit.o)
 *(.fini0)
                0x00001882                _etext = .

.data           0x00800060      0x14a load address 0x00001882
                0x00800060                PROVIDE (__data_start, .)
 *(.data)
 *(.data*)
 *(.rodata)
 *(.rodata*)
 .rodata.str1.1
                0x00800060      0x149 Release/main.o
                                0x14c (size before relaxing)
 *(.gnu.linkonce.d*)
                0x008001aa                . = ALIGN (0x2)
 *fill*         0x008001a9        0x1 
                0x008001aa                _edata = .
                0x008001aa                PROVIDE (__data_end, .)

.bss            0x008001aa       0xa9
                0x008001aa                PROVIDE (__bss_start, .)
 *(.bss)
 *(.bss*)
 .bss.TimeOut   0x008001aa        0x4 Release/main.o
                0x008001aa                TimeOut
 .bss.pointer   0x008001ae        0x2 Release/main.o
                0x008001ae                pointer
 .bss.Counter   0x008001b0        0x2 Release/main.o
                0x008001b0                Counter
 *(COMMON)
 COMMON         0x008001b2       0xa1 Release/main.o
                0x008001b2                RESPONSE_BUFFER
                0x00800252                Response_Status
                0x00800253                PROVIDE (__bss_end, .)
                0x00001882                __data_load_start = LOADADDR (.data)
                0x000019cc                __data_load_end = (__data_load_start + SIZEOF (.data))

.noinit         0x00800253        0x0
                0x00800253                PROVIDE (__noinit_start, .)
 *(.noinit*)
                0x00800253                PROVIDE (__noinit_end, .)
                0x00800253                _end = .
                0x00800253                PROVIDE (__heap_start, .)

.eeprom         0x00810000        0x0
 *(.eeprom*)
                0x00810000                __eeprom_end = .

.fuse
 *(.fuse)
 *(.lfuse)
 *(.hfuse)
 *(.efuse)

.lock
 *(.lock*)

.signature
 *(.signature*)

.user_signatures
 *(.user_signatures*)

.stab
 *(.stab)

.stabstr
 *(.stabstr)

.stab.excl
 *(.stab.excl)

.stab.exclstr
 *(.stab.exclstr)

.stab.index
 *(.stab.index)

.stab.indexstr
 *(.stab.indexstr)

.comment        0x00000000       0x8c
 *(.comment)
 .comment       0x00000000       0x2c c:/users/dell e5510/documents/mkclipse/avr toolchain/bin/../lib/gcc/avr/5.4.0/../../../../avr/lib/avr5\libprintf_flt.a(vfprintf_flt.o)
                                 0x2d (size before relaxing)
 .comment       0x0000002c       0x30 Release/hd44780.o
                                 0x31 (size before relaxing)
 .comment       0x00000000       0x31 Release/main.o
 .comment       0x00000000       0x31 Release/mk_build.o
 .comment       0x00000000       0x31 Release/USART_RS232_C_file.o
 .comment       0x0000005c       0x30 c:/users/dell e5510/documents/mkclipse/avr toolchain/bin/../lib/gcc/avr/5.4.0/../../../../avr/lib/avr5\libc.a(fputc.o)
                                 0x31 (size before relaxing)
 .comment       0x00000000       0x31 c:/users/dell e5510/documents/mkclipse/avr toolchain/bin/../lib/gcc/avr/5.4.0/../../../../avr/lib/avr5\libc.a(sprintf.o)

.note.gnu.avr.deviceinfo
                0x00000000       0x3c
 .note.gnu.avr.deviceinfo
                0x00000000       0x3c c:/users/dell e5510/documents/mkclipse/avr toolchain/bin/../lib/gcc/avr/5.4.0/../../../../avr/lib/avr5/crtatmega32.o

.note.gnu.build-id
 *(.note.gnu.build-id)

.debug
 *(.debug)

.line
 *(.line)

.debug_srcinfo
 *(.debug_srcinfo)

.debug_sfnames
 *(.debug_sfnames)

.debug_aranges
 *(.debug_aranges)

.debug_pubnames
 *(.debug_pubnames)

.debug_info     0x00000000      0x4e6
 *(.debug_info .gnu.linkonce.wi.*)
 .debug_info    0x00000000      0x4e6 c:/users/dell e5510/documents/mkclipse/avr toolchain/bin/../lib/gcc/avr/5.4.0/../../../../avr/lib/avr5/crtatmega32.o

.debug_abbrev   0x00000000      0x4a3
 *(.debug_abbrev)
 .debug_abbrev  0x00000000      0x4a3 c:/users/dell e5510/documents/mkclipse/avr toolchain/bin/../lib/gcc/avr/5.4.0/../../../../avr/lib/avr5/crtatmega32.o

.debug_line     0x00000000       0x1a
 *(.debug_line .debug_line.* .debug_line_end)
 .debug_line    0x00000000       0x1a c:/users/dell e5510/documents/mkclipse/avr toolchain/bin/../lib/gcc/avr/5.4.0/../../../../avr/lib/avr5/crtatmega32.o

.debug_frame
 *(.debug_frame)

.debug_str      0x00000000      0x196
 *(.debug_str)
 .debug_str     0x00000000      0x196 c:/users/dell e5510/documents/mkclipse/avr toolchain/bin/../lib/gcc/avr/5.4.0/../../../../avr/lib/avr5/crtatmega32.o

.debug_loc
 *(.debug_loc)

.debug_macinfo
 *(.debug_macinfo)

.debug_weaknames
 *(.debug_weaknames)

.debug_funcnames
 *(.debug_funcnames)

.debug_typenames
 *(.debug_typenames)

.debug_varnames
 *(.debug_varnames)

.debug_pubtypes
 *(.debug_pubtypes)

.debug_ranges
 *(.debug_ranges)

.debug_macro
 *(.debug_macro)
OUTPUT(Release/WiFi.elf elf32-avr)
LOAD linker stubs
